Password: 

Import: Release 23.26.3.0.0 - Production on Sat Sep 26 00:03:27 2026
Version 23.26.3.0.0

Copyright (c) 1982, 2026, Oracle and/or its affiliates.  All rights reserved.

Connected to: Oracle AI Database 26ai Free Release 23.26.3.0.0 - Develop, Learn, and Run for Free
Master table "ADEMPIERE"."SYS_IMPORT_FULL_01" successfully loaded/unloaded
Starting "ADEMPIERE"."SYS_IMPORT_FULL_01":  adempiere/********@FREEPDB1 DIRECTORY=LY_IDDA_IMPORT DUMPFILE=Adempiere.dmp LOGFILE=import.log REMAP_SCHEMA=reference:adempiere TRANSFORM=OID:N 
Processing object type SCHEMA_EXPORT/USER
ORA-31684: Object type USER:"ADEMPIERE" already exists

Processing object type SCHEMA_EXPORT/SYSTEM_GRANT
Processing object type SCHEMA_EXPORT/ROLE_GRANT
Processing object type SCHEMA_EXPORT/DEFAULT_ROLE
Processing object type SCHEMA_EXPORT/TYPE/TYPE_SPEC
Processing object type SCHEMA_EXPORT/TABLE/TABLE
Processing object type SCHEMA_EXPORT/TABLE/TABLE_DATA
. . imported "ADEMPIERE"."AD_USERQUERY"                   13.7 KB       2 rows
. . imported "ADEMPIERE"."AD_WF_ACTIVITY"                 17.7 KB      13 rows
. . imported "ADEMPIERE"."C_PHASE"                        13.8 KB      13 rows
. . imported "ADEMPIERE"."AD_FIELDGROUP"                  17.5 KB      79 rows
. . imported "ADEMPIERE"."M_PARTTYPE"                        0 KB       0 rows
. . imported "ADEMPIERE"."A_ASSET_INFO_OTH"                  0 KB       0 rows
. . imported "ADEMPIERE"."C_PAYMENT"                      52.3 KB       2 rows
. . imported "ADEMPIERE"."M_PRODUCTIONPLAN"                  0 KB       0 rows
. . imported "ADEMPIERE"."I_GLJOURNAL"                       0 KB       0 rows
. . imported "ADEMPIERE"."PA_REPORTCOLUMN"                34.3 KB      17 rows
. . imported "ADEMPIERE"."U_ROLEMENU"                     15.7 KB      74 rows
. . imported "ADEMPIERE"."AD_WINDOW_TRL"                 107.8 KB     452 rows
. . imported "ADEMPIERE"."S_TIMEEXPENSELINE"                23 KB       4 rows
. . imported "ADEMPIERE"."C_WITHHOLDING"                     0 KB       0 rows
. . imported "ADEMPIERE"."I_PRODUCTPLANNING"                 0 KB       0 rows
. . imported "ADEMPIERE"."C_RFQRESPONSE"                     0 KB       0 rows
. . imported "ADEMPIERE"."C_CALENDAR"                      9.7 KB       1 rows
. . imported "ADEMPIERE"."C_ADDRESSVALIDATIONCFG"            0 KB       0 rows
. . imported "ADEMPIERE"."M_PACKAGE"                        37 KB       1 rows
. . imported "ADEMPIERE"."AD_TASK"                        12.8 KB       3 rows
. . imported "ADEMPIERE"."M_PRODUCT_QUALITYTEST"             0 KB       0 rows
. . imported "ADEMPIERE"."AD_WORKFLOWPROCESSORLOG"           0 KB       0 rows
. . imported "ADEMPIERE"."C_DUNNINGRUNENTRY"                 0 KB       0 rows
. . imported "ADEMPIERE"."CM_CONTAINER_ELEMENT_TRL"       13.9 KB       6 rows
. . imported "ADEMPIERE"."C_SALESREGION"                  11.5 KB       2 rows
. . imported "ADEMPIERE"."C_LANDEDCOSTALLOCATION"            0 KB       0 rows
. . imported "ADEMPIERE"."HR_JOB"                            0 KB       0 rows
. . imported "ADEMPIERE"."AD_TAB_TRL"                    215.2 KB    1153 rows
. . imported "ADEMPIERE"."C_RECURRINGGROUP"                  0 KB       0 rows
. . imported "ADEMPIERE"."AD_TREENODECMM"                 10.4 KB       3 rows
. . imported "ADEMPIERE"."A_ASSET_TYPE"                      0 KB       0 rows
. . imported "ADEMPIERE"."C_COMMISSIONLINE"               16.1 KB       1 rows
. . imported "ADEMPIERE"."CM_ACCESSPROFILE"                  0 KB       0 rows
. . imported "ADEMPIERE"."C_JOBCATEGORY"                  10.4 KB       4 rows
. . imported "ADEMPIERE"."PP_COST_COLLECTOR"                 0 KB       0 rows
. . imported "ADEMPIERE"."M_WAREHOUSE"                      15 KB      11 rows
. . imported "ADEMPIERE"."AD_AUTHORIZATIONACCOUNT"           0 KB       0 rows
. . imported "ADEMPIERE"."C_CASHBOOK"                     10.7 KB       2 rows
. . imported "ADEMPIERE"."AD_REPORTVIEW_COL"                 0 KB       0 rows
. . imported "ADEMPIERE"."C_CHARGE_ACCT"                  10.6 KB       6 rows
. . imported "ADEMPIERE"."M_RMALINE"                      16.3 KB       1 rows
. . imported "ADEMPIERE"."CM_BROADCASTSERVER"                0 KB       0 rows
. . imported "ADEMPIERE"."M_EDI_INFO"                        0 KB       0 rows
. . imported "ADEMPIERE"."AD_TASKINSTANCE"                   0 KB       0 rows
. . imported "ADEMPIERE"."AD_FIELDGROUP_TRL"              16.8 KB      79 rows
. . imported "ADEMPIERE"."M_TRANSACTIONALLOCATION"           0 KB       0 rows
. . imported "ADEMPIERE"."A_DEPRECIATION_TABLE_DETAIL"   278.6 KB    2579 rows
. . imported "ADEMPIERE"."AD_PRINTLABELLINE"                 0 KB       0 rows
. . imported "ADEMPIERE"."A_FUNDINGMODE_ACCT"                0 KB       0 rows
. . imported "ADEMPIERE"."GL_BUDGETCONTROL"                  0 KB       0 rows
. . imported "ADEMPIERE"."M_PACKAGELINE"                  11.6 KB       1 rows
. . imported "ADEMPIERE"."C_TAX_TRL"                      11.6 KB       6 rows
. . imported "ADEMPIERE"."MFA_REGISTEREDDEVICE"              0 KB       0 rows
. . imported "ADEMPIERE"."M_MATCHINV"                     17.7 KB      18 rows
. . imported "ADEMPIERE"."M_PRODUCTOPERATION"                0 KB       0 rows
. . imported "ADEMPIERE"."ASP_CLIENTLEVEL"                   0 KB       0 rows
. . imported "ADEMPIERE"."R_MAILTEXT"                     13.1 KB       3 rows
. . imported "ADEMPIERE"."M_INOUTLINE"                    27.6 KB      27 rows
. . imported "ADEMPIERE"."T_SELECTION_INFOWINDOW"            0 KB       0 rows
. . imported "ADEMPIERE"."M_DEMAND"                          0 KB       0 rows
. . imported "ADEMPIERE"."C_ORGASSIGNMENT"                   0 KB       0 rows
. . imported "ADEMPIERE"."AD_LABELCATEGORY_TRL"              0 KB       0 rows
. . imported "ADEMPIERE"."C_REGION_TRL"                   33.1 KB     399 rows
. . imported "ADEMPIERE"."FACT_RECONCILIATION"               0 KB       0 rows
. . imported "ADEMPIERE"."C_CHARGETYPE"                      0 KB       0 rows
. . imported "ADEMPIERE"."AD_ERROR"                          0 KB       0 rows
. . imported "ADEMPIERE"."DBREPLICASYNCVERIFIER"           5.1 KB       1 rows
. . imported "ADEMPIERE"."M_DISTRIBUTIONRUN"              11.5 KB       1 rows
. . imported "ADEMPIERE"."AD_DOCUMENT_ACTION_ACCESS"     181.6 KB    2156 rows
. . imported "ADEMPIERE"."AD_ALERT"                       12.9 KB       1 rows
. . imported "ADEMPIERE"."M_RMATYPE"                      10.1 KB       1 rows
. . imported "ADEMPIERE"."T_REPORT"                          0 KB       0 rows
. . imported "ADEMPIERE"."CM_CONTAINERTTABLE"                0 KB       0 rows
. . imported "ADEMPIERE"."AD_TREENODEU3"                     0 KB       0 rows
. . imported "ADEMPIERE"."HR_EMPLOYEE"                       0 KB       0 rows
. . imported "ADEMPIERE"."CM_CONTAINER_URL"                  0 KB       0 rows
. . imported "ADEMPIERE"."AD_TAB"                        297.4 KB    1153 rows
. . imported "ADEMPIERE"."C_CHARGE_TRL"                   10.7 KB       3 rows
. . imported "ADEMPIERE"."C_LOCATION"                     20.1 KB      34 rows
. . imported "ADEMPIERE"."T_FACT_ACCT_HISTORY"               0 KB       0 rows
. . imported "ADEMPIERE"."T_INVENTORYVALUE"                  0 KB       0 rows
. . imported "ADEMPIERE"."C_TAXGROUP"                        0 KB       0 rows
. . imported "ADEMPIERE"."ASP_FIELD"                         0 KB       0 rows
. . imported "ADEMPIERE"."R_CONTACTINTEREST"              10.1 KB       1 rows
. . imported "ADEMPIERE"."C_RFQ"                          21.8 KB       1 rows
. . imported "ADEMPIERE"."M_COMMODITYSHIPMENT"               0 KB       0 rows
. . imported "ADEMPIERE"."B_TOPICTYPE"                       0 KB       0 rows
. . imported "ADEMPIERE"."CM_ACCESSCONTAINER"                0 KB       0 rows
. . imported "ADEMPIERE"."M_SHIPPERPACKAGING"                0 KB       0 rows
. . imported "ADEMPIERE"."AD_TAB_CUSTOMIZATION"              0 KB       0 rows
. . imported "ADEMPIERE"."MFA_REGISTRATION"                  0 KB       0 rows
. . imported "ADEMPIERE"."C_SALESREGION_TRL"              10.6 KB       2 rows
. . imported "ADEMPIERE"."AD_PACKAGE_IMP_PROC"               0 KB       0 rows
. . imported "ADEMPIERE"."AD_STYLELINE"                   11.6 KB       1 rows
. . imported "ADEMPIERE"."I_BPARTNER"                        0 KB       0 rows
. . imported "ADEMPIERE"."GL_CATEGORY_TRL"                  11 KB      10 rows
. . imported "ADEMPIERE"."AD_HOUSEKEEPING"                16.8 KB      10 rows
. . imported "ADEMPIERE"."C_RFQLINEQTY"                   13.3 KB       2 rows
. . imported "ADEMPIERE"."C_BP_CUSTOMER_ACCT"             13.8 KB      36 rows
. . imported "ADEMPIERE"."C_ONLINETRXHISTORY"                0 KB       0 rows
. . imported "ADEMPIERE"."M_REQUISITIONLINE"              14.4 KB       1 rows
. . imported "ADEMPIERE"."R_REQUESTACTION"                25.9 KB       2 rows
. . imported "ADEMPIERE"."A_DEPRECIATION"                 12.9 KB      11 rows
. . imported "ADEMPIERE"."AD_SEQUENCE_AUDIT"                 0 KB       0 rows
. . imported "ADEMPIERE"."AD_TOOLBARBUTTON"               29.2 KB      87 rows
. . imported "ADEMPIERE"."C_PROJECTISSUE"                    0 KB       0 rows
. . imported "ADEMPIERE"."AD_TOOLBARBUTTONRESTRICT"          0 KB       0 rows
. . imported "ADEMPIERE"."AD_SMTP"                           0 KB       0 rows
. . imported "ADEMPIERE"."M_COSTHISTORY"                     0 KB       0 rows
. . imported "ADEMPIERE"."M_SHIPPERCFG"                   13.3 KB       1 rows
. . imported "ADEMPIERE"."CM_AD_CAT"                         0 KB       0 rows
. . imported "ADEMPIERE"."AD_USERDEF_INFO"                   0 KB       0 rows
. . imported "ADEMPIERE"."C_ACCTSCHEMA_DEFAULT"           45.8 KB       2 rows
. . imported "ADEMPIERE"."R_REQUESTPROCESSOR"             15.8 KB       1 rows
. . imported "ADEMPIERE"."C_REMUNERATION"                    0 KB       0 rows
. . imported "ADEMPIERE"."CM_TEMPLATE_AD_CAT"                0 KB       0 rows
. . imported "ADEMPIERE"."PA_SLA_GOAL"                    14.1 KB       1 rows
. . imported "ADEMPIERE"."AD_WF_RESPONSIBLE"              12.2 KB       2 rows
. . imported "ADEMPIERE"."T_1099EXTRACT"                     0 KB       0 rows
. . imported "ADEMPIERE"."ASP_TASK"                          0 KB       0 rows
. . imported "ADEMPIERE"."C_SERVICELEVEL"                    0 KB       0 rows
. . imported "ADEMPIERE"."AD_TABLEINDEX"                 147.7 KB    1192 rows
. . imported "ADEMPIERE"."TESTUU"                         10.3 KB       2 rows
. . imported "ADEMPIERE"."M_COSTDETAIL"                      0 KB       0 rows
. . imported "ADEMPIERE"."M_LOTCTLEXCLUDE"                   0 KB       0 rows
. . imported "ADEMPIERE"."CM_NEWSCHANNEL"                    0 KB       0 rows
. . imported "ADEMPIERE"."IMP_PROCESSOR_TYPE"             11.4 KB       2 rows
. . imported "ADEMPIERE"."AD_ATTACHMENTNOTE"                 0 KB       0 rows
. . imported "ADEMPIERE"."AD_ATTRIBUTE"                      0 KB       0 rows
. . imported "ADEMPIERE"."R_GROUPUPDATES"                  9.7 KB       1 rows
. . imported "ADEMPIERE"."B_TOPIC"                           0 KB       0 rows
. . imported "ADEMPIERE"."M_DISTRIBUTIONLIST"               11 KB       1 rows
. . imported "ADEMPIERE"."C_CHARGE"                       13.5 KB       3 rows
. . imported "ADEMPIERE"."W_COUNTERCOUNT"                 10.7 KB       1 rows
. . imported "ADEMPIERE"."C_SERVICELEVELLINE"                0 KB       0 rows
. . imported "ADEMPIERE"."AD_USER_ROLES"                    10 KB      11 rows
. . imported "ADEMPIERE"."AD_MODIFICATION"                   0 KB       0 rows
. . imported "ADEMPIERE"."PP_PRODUCT_PLANNING"            49.1 KB     219 rows
. . imported "ADEMPIERE"."C_USERREMUNERATION"                0 KB       0 rows
. . imported "ADEMPIERE"."AD_SEQUENCE_NO"                    0 KB       0 rows
. . imported "ADEMPIERE"."M_PRODUCT_CATEGORY"             14.8 KB      14 rows
. . imported "ADEMPIERE"."C_DUNNINGLEVEL"                 17.6 KB       2 rows
. . imported "ADEMPIERE"."C_BP_WITHHOLDING"                  0 KB       0 rows
. . imported "ADEMPIERE"."A_ASSET_INFO_LIC"                  0 KB       0 rows
. . imported "ADEMPIERE"."CM_CSTAGETTABLE"                   0 KB       0 rows
. . imported "ADEMPIERE"."C_CITY"                         11.9 KB       1 rows
. . imported "ADEMPIERE"."C_ALLOCATIONLINE"               15.9 KB       2 rows
. . imported "ADEMPIERE"."AD_COLUMN_ACCESS"                  0 KB       0 rows
. . imported "ADEMPIERE"."TEST"                           22.9 KB       2 rows
. . imported "ADEMPIERE"."CM_AD"                             0 KB       0 rows
. . imported "ADEMPIERE"."C_CAMPAIGN_TRL"                 10.6 KB       2 rows
. . imported "ADEMPIERE"."T_TRANSACTION"                     0 KB       0 rows
. . imported "ADEMPIERE"."C_PROJECTPHASE"                    0 KB       0 rows
. . imported "ADEMPIERE"."B_OFFER"                           0 KB       0 rows
. . imported "ADEMPIERE"."PP_ORDER_BOMLINE_TRL"           10.8 KB       4 rows
. . imported "ADEMPIERE"."GL_JOURNALGENERATORLINE"        15.5 KB       6 rows
. . imported "ADEMPIERE"."A_ASSET_DISPOSED"                  0 KB       0 rows
. . imported "ADEMPIERE"."K_COMMENT"                         0 KB       0 rows
. . imported "ADEMPIERE"."AD_PROCESS_TRL"                109.6 KB     472 rows
. . imported "ADEMPIERE"."C_JOBASSIGNMENT"                   0 KB       0 rows
. . imported "ADEMPIERE"."C_INVOICEBATCHLINE"                0 KB       0 rows
. . imported "ADEMPIERE"."R_INTERESTAREA"                 10.7 KB       2 rows
. . imported "ADEMPIERE"."WS_WEBSERVICETYPE"              14.4 KB      16 rows
. . imported "ADEMPIERE"."R_ISSUEPROJECT"                    0 KB       0 rows
. . imported "ADEMPIERE"."PA_MEASURE"                     15.1 KB       4 rows
. . imported "ADEMPIERE"."C_UOM_TRL"                      12.3 KB      15 rows
. . imported "ADEMPIERE"."C_ORDERSOURCE"                     0 KB       0 rows
. . imported "ADEMPIERE"."A_ASSET"                           0 KB       0 rows
. . imported "ADEMPIERE"."AD_USERDEF_THEME"                  0 KB       0 rows
. . imported "ADEMPIERE"."PA_GOAL"                        18.3 KB       4 rows
. . imported "ADEMPIERE"."HR_CONTRACT"                       0 KB       0 rows
. . imported "ADEMPIERE"."CM_CSTAGE_ELEMENT_TRL"            14 KB       7 rows
. . imported "ADEMPIERE"."T_SELECTION"                       0 KB       0 rows
. . imported "ADEMPIERE"."C_BP_EMPLOYEE_ACCT"             11.6 KB      17 rows
. . imported "ADEMPIERE"."TESTUU_TRL"                     11.2 KB       2 rows
. . imported "ADEMPIERE"."C_BANKACCOUNT_ACCT"             15.7 KB       6 rows
. . imported "ADEMPIERE"."B_SELLERFUNDS"                     0 KB       0 rows
. . imported "ADEMPIERE"."U_BLACKLISTCHEQUE"                 0 KB       0 rows
. . imported "ADEMPIERE"."CM_CHATTYPE"                       0 KB       0 rows
. . imported "ADEMPIERE"."IMP_PROCESSORLOG"                  0 KB       0 rows
. . imported "ADEMPIERE"."C_TAXCATEGORY_TRL"              10.6 KB       1 rows
. . imported "ADEMPIERE"."AD_USERDEF_INFO_COLUMN"            0 KB       0 rows
. . imported "ADEMPIERE"."M_SERNOCTL"                       12 KB       1 rows
. . imported "ADEMPIERE"."AD_TREEBAR"                     12.5 KB      24 rows
. . imported "ADEMPIERE"."HR_PERIOD"                         0 KB       0 rows
. . imported "ADEMPIERE"."ASP_FORM"                          0 KB       0 rows
. . imported "ADEMPIERE"."AD_TASK_ACCESS"                  9.9 KB       3 rows
. . imported "ADEMPIERE"."AD_PACKAGE_UUID_MAP"               0 KB       0 rows
. . imported "ADEMPIERE"."HR_CONCEPT"                        0 KB       0 rows
. . imported "ADEMPIERE"."AD_REFERENCE_TRL"               74.2 KB     591 rows
. . imported "ADEMPIERE"."A_ASSET_SPLIT"                     0 KB       0 rows
. . imported "ADEMPIERE"."C_INVOICEBATCH"                    0 KB       0 rows
. . imported "ADEMPIERE"."K_ENTRYRELATED"                    0 KB       0 rows
. . imported "ADEMPIERE"."M_STORAGEONHAND"                12.8 KB      20 rows
. . imported "ADEMPIERE"."I_PAYMENT"                         0 KB       0 rows
. . imported "ADEMPIERE"."AD_STATUSLINEUSEDIN"            13.7 KB      14 rows
. . imported "ADEMPIERE"."AD_CTXHELPMSG_TRL"              10.4 KB       1 rows
. . imported "ADEMPIERE"."AD_DESKTOPWORKBENCH"            10.3 KB       1 rows
. . imported "ADEMPIERE"."AD_USERDEF_WIN"                    0 KB       0 rows
. . imported "ADEMPIERE"."S_TRAINING_CLASS"                  0 KB       0 rows
. . imported "ADEMPIERE"."C_CASHPLANLINE"                    0 KB       0 rows
. . imported "ADEMPIERE"."HR_LISTTYPE"                       0 KB       0 rows
. . imported "ADEMPIERE"."M_LOTCTL"                         12 KB       1 rows
. . imported "ADEMPIERE"."C_PERIODCONTROL"               923.5 KB   10464 rows
. . imported "ADEMPIERE"."PP_ORDER_NODENEXT"                 0 KB       0 rows
. . imported "ADEMPIERE"."C_ORDERPAYSCHEDULE"                0 KB       0 rows
. . imported "ADEMPIERE"."PA_REPORTCUBE"                     0 KB       0 rows
. . imported "ADEMPIERE"."ASP_WORKFLOW"                      0 KB       0 rows
. . imported "ADEMPIERE"."DD_NETWORKDISTRIBUTIONLINE"       14 KB      10 rows
. . imported "ADEMPIERE"."C_CURRENCY"                     31.1 KB     175 rows
. . imported "ADEMPIERE"."CM_WEBPROJECT"                  14.4 KB       1 rows
. . imported "ADEMPIERE"."C_CASHPLAN"                        0 KB       0 rows
. . imported "ADEMPIERE"."M_PRICELIST_VERSION"            12.9 KB       6 rows
. . imported "ADEMPIERE"."AD_TREENODEMM"                  75.4 KB     815 rows
. . imported "ADEMPIERE"."M_REQUISITION"                  16.8 KB       1 rows
. . imported "ADEMPIERE"."M_RMATAX"                          0 KB       0 rows
. . imported "ADEMPIERE"."AD_REPORTVIEW_COLUMN"              0 KB       0 rows
. . imported "ADEMPIERE"."AD_WF_EVENTAUDIT"               16.6 KB      13 rows
. . imported "ADEMPIERE"."I_FIXEDASSET"                      0 KB       0 rows
. . imported "ADEMPIERE"."AD_SESSION"                        0 KB       0 rows
. . imported "ADEMPIERE"."AD_REFERENCE"                   79.7 KB     591 rows
. . imported "ADEMPIERE"."AD_PRINTHEADERFOOTER"              0 KB       0 rows
. . imported "ADEMPIERE"."M_DISCOUNTSCHEMABREAK"          12.5 KB       1 rows
. . imported "ADEMPIERE"."C_BPARTNER_PRODUCT"             12.9 KB       1 rows
. . imported "ADEMPIERE"."A_DEPRECIATION_CONVENTION"      12.9 KB       6 rows
. . imported "ADEMPIERE"."AD_COLOR_TRL"                      0 KB       0 rows
. . imported "ADEMPIERE"."C_PAYMENTALLOCATE"                 0 KB       0 rows
. . imported "ADEMPIERE"."C_BP_EDI"                          0 KB       0 rows
. . imported "ADEMPIERE"."C_PROJECTISSUEMA"                  0 KB       0 rows
. . imported "ADEMPIERE"."C_DOCTYPE"                      34.3 KB      52 rows
. . imported "ADEMPIERE"."PP_COST_COLLECTORMA"               0 KB       0 rows
. . imported "ADEMPIERE"."C_INVOICELINE"                  33.2 KB      24 rows
. . imported "ADEMPIERE"."W_STORE_TRL"                    13.7 KB       1 rows
. . imported "ADEMPIERE"."C_ORDERTAX"                     12.1 KB       8 rows
. . imported "ADEMPIERE"."AD_USER"                        38.1 KB       9 rows
. . imported "ADEMPIERE"."C_PAYMENTTERM"                  18.9 KB       5 rows
. . imported "ADEMPIERE"."M_SHIPPERLABELSCFG"                0 KB       0 rows
. . imported "ADEMPIERE"."AD_WF_PROCESS"                    15 KB      11 rows
. . imported "ADEMPIERE"."C_ADDRESSTRANSACTION"              0 KB       0 rows
. . imported "ADEMPIERE"."M_PRODUCT_BOM_OLD"              13.5 KB      21 rows
. . imported "ADEMPIERE"."C_PROJECTLINE"                  18.8 KB       1 rows
. . imported "ADEMPIERE"."R_ISSUESYSTEM"                     0 KB       0 rows
. . imported "ADEMPIERE"."AD_LABEL"                          0 KB       0 rows
. . imported "ADEMPIERE"."AD_REPLICATIONDOCUMENT"         11.2 KB       1 rows
. . imported "ADEMPIERE"."AD_USER_SUBSTITUTE"                0 KB       0 rows
. . imported "ADEMPIERE"."R_REQUESTPROCESSOR_ROUTE"       11.2 KB       1 rows
. . imported "ADEMPIERE"."C_PROJECT"                      26.6 KB       2 rows
. . imported "ADEMPIERE"."AD_ATTACHMENTFILE"                 0 KB       0 rows
. . imported "ADEMPIERE"."HR_MOVEMENT"                       0 KB       0 rows
. . imported "ADEMPIERE"."M_SERNOCTLEXCLUDE"                 0 KB       0 rows
. . imported "ADEMPIERE"."AD_ROLE"                        30.7 KB       5 rows
. . imported "ADEMPIERE"."M_PRODUCT_PO"                   22.6 KB      29 rows
. . imported "ADEMPIERE"."GL_DISTRIBUTION"                  33 KB       1 rows
. . imported "ADEMPIERE"."M_INVENTORYLINE"                17.1 KB       1 rows
. . imported "ADEMPIERE"."AD_FIELD_TRL"                    4.3 MB   21281 rows
. . imported "ADEMPIERE"."AD_WORKBENCHWINDOW"             12.6 KB       2 rows
. . imported "ADEMPIERE"."M_PRODUCT_ACCT"                 38.9 KB     110 rows
. . imported "ADEMPIERE"."C_CYCLESTEP"                    10.9 KB       4 rows
. . imported "ADEMPIERE"."K_ENTRYCATEGORY"                   0 KB       0 rows
. . imported "ADEMPIERE"."DD_NETWORKDISTRIBUTION"         13.8 KB       2 rows
. . imported "ADEMPIERE"."AD_FIND"                           0 KB       0 rows
. . imported "ADEMPIERE"."ASP_REF_LIST"                      0 KB       0 rows
. . imported "ADEMPIERE"."C_RFQLINE"                        13 KB       2 rows
. . imported "ADEMPIERE"."CM_WEBACCESSLOG"                   0 KB       0 rows
. . imported "ADEMPIERE"."K_INDEXSTOP"                       0 KB       0 rows
. . imported "ADEMPIERE"."W_MAILMSG"                         0 KB       0 rows
. . imported "ADEMPIERE"."HR_YEAR"                           0 KB       0 rows
. . imported "ADEMPIERE"."AD_CHARTDATASOURCE_TRL"         10.4 KB       6 rows
. . imported "ADEMPIERE"."EXP_PROCESSOR_TYPE"             11.4 KB       2 rows
. . imported "ADEMPIERE"."C_SUBACCT"                         0 KB       0 rows
. . imported "ADEMPIERE"."AD_STYLE"                       10.5 KB       1 rows
. . imported "ADEMPIERE"."AD_INFOWINDOW_TRL"              12.2 KB      17 rows
. . imported "ADEMPIERE"."M_QUALITYTESTRESULT"               0 KB       0 rows
. . imported "ADEMPIERE"."AD_LABELPRINTER"                   0 KB       0 rows
. . imported "ADEMPIERE"."M_PRODUCTPRICE"                 21.4 KB     114 rows
. . imported "ADEMPIERE"."AD_WORKFLOWPROCESSOR"           14.9 KB       1 rows
. . imported "ADEMPIERE"."T_INVOICEGL"                       0 KB       0 rows
. . imported "ADEMPIERE"."C_RFQRESPONSELINE"                 0 KB       0 rows
. . imported "ADEMPIERE"."C_ELEMENT"                      11.9 KB       1 rows
. . imported "ADEMPIERE"."R_GROUP"                        11.6 KB       2 rows
. . imported "ADEMPIERE"."AD_FORM"                        28.7 KB      51 rows
. . imported "ADEMPIERE"."AD_POSTIT"                         0 KB       0 rows
. . imported "ADEMPIERE"."CM_ACCESSNEWSCHANNEL"              0 KB       0 rows
. . imported "ADEMPIERE"."M_BOMALTERNATIVE"               10.2 KB       1 rows
. . imported "ADEMPIERE"."S_TIMEEXPENSE"                  14.2 KB       1 rows
. . imported "ADEMPIERE"."AD_MIGRATIONSCRIPT"            234.5 KB    1340 rows
. . imported "ADEMPIERE"."PA_DASHBOARDPREFERENCE"            0 KB       0 rows
. . imported "ADEMPIERE"."PP_ORDER_NODE_ASSET"               0 KB       0 rows
. . imported "ADEMPIERE"."AD_DESKTOP"                     11.1 KB       1 rows
. . imported "ADEMPIERE"."PP_PRODUCT_BOMLINE_TRL"         12.2 KB      21 rows
. . imported "ADEMPIERE"."C_CONTACTACTIVITY"                 0 KB       0 rows
. . imported "ADEMPIERE"."C_REVENUERECOG_SERVICE"            0 KB       0 rows
. . imported "ADEMPIERE"."AD_TABLEPARTITION"                 0 KB       0 rows
. . imported "ADEMPIERE"."M_PRICELIST"                    14.2 KB       4 rows
. . imported "ADEMPIERE"."AD_PRINTFORM"                   16.7 KB       2 rows
. . imported "ADEMPIERE"."M_RMA"                          18.7 KB       1 rows
. . imported "ADEMPIERE"."PP_ORDER_WORKFLOW"              26.6 KB       2 rows
. . imported "ADEMPIERE"."I_FAJOURNAL"                       0 KB       0 rows
. . imported "ADEMPIERE"."R_ISSUEKNOWN"                      0 KB       0 rows
. . imported "ADEMPIERE"."GL_BUDGET"                      10.5 KB       1 rows
. . imported "ADEMPIERE"."M_INVENTORYLINEMA"                 0 KB       0 rows
. . imported "ADEMPIERE"."A_ASSET_GROUP"                  15.3 KB       9 rows
. . imported "ADEMPIERE"."C_ORDERLINE"                    37.7 KB      27 rows
. . imported "ADEMPIERE"."M_INVENTORY"                    21.9 KB       3 rows
. . imported "ADEMPIERE"."A_ASSET_CHANGE"                    0 KB       0 rows
. . imported "ADEMPIERE"."AD_BROADCASTMESSAGE_TRL"           0 KB       0 rows
. . imported "ADEMPIERE"."AD_PRINTCOLOR_TRL"              11.2 KB      23 rows
. . imported "ADEMPIERE"."AD_LABELASSIGNMENT"                0 KB       0 rows
. . imported "ADEMPIERE"."S_RESOURCEASSIGNMENT"           12.1 KB       2 rows
. . imported "ADEMPIERE"."AD_ATTRIBUTE_VALUE"                0 KB       0 rows
. . imported "ADEMPIERE"."W_CLICK"                           0 KB       0 rows
. . imported "ADEMPIERE"."R_REQUESTPROCESSORLOG"             0 KB       0 rows
. . imported "ADEMPIERE"."AD_LABELCATEGORYTABLE"             0 KB       0 rows
. . imported "ADEMPIERE"."CM_MEDIADEPLOY"                    0 KB       0 rows
. . imported "ADEMPIERE"."AD_IMPFORMAT"                   13.5 KB      15 rows
. . imported "ADEMPIERE"."T_BOM_INDENTED"                    0 KB       0 rows
. . imported "ADEMPIERE"."AD_PROCESS_DRILLRULE_PARA"         0 KB       0 rows
. . imported "ADEMPIERE"."M_COSTTYPE"                     10.2 KB       1 rows
. . imported "ADEMPIERE"."C_BANKSTATEMENTLOADER"             0 KB       0 rows
. . imported "ADEMPIERE"."C_REVENUERECOGNITION"           11.7 KB       2 rows
. . imported "ADEMPIERE"."AD_IMPORTTEMPLATEACCESS"           0 KB       0 rows
. . imported "ADEMPIERE"."GL_JOURNALGENERATOR"            13.9 KB       2 rows
. . imported "ADEMPIERE"."M_TRANSACTION"                  17.3 KB      28 rows
. . imported "ADEMPIERE"."AD_RELATIONTYPE"                13.5 KB       6 rows
. . imported "ADEMPIERE"."AD_IMPFORMAT_ROW"               33.4 KB     163 rows
. . imported "ADEMPIERE"."C_REVENUERECOGNITION_RUN"          0 KB       0 rows
. . imported "ADEMPIERE"."AD_REPLICATION_LOG"                0 KB       0 rows
. . imported "ADEMPIERE"."AD_PRINTCOLOR"                  12.1 KB      23 rows
. . imported "ADEMPIERE"."C_DEPOSITBATCH"                    0 KB       0 rows
. . imported "ADEMPIERE"."AD_ARCHIVE_BLOB"                   0 KB       0 rows
. . imported "ADEMPIERE"."AD_TABLEATTRIBUTE"                 0 KB       0 rows
. . imported "ADEMPIERE"."A_ASSET_USE"                       0 KB       0 rows
. . imported "ADEMPIERE"."M_BOMPRODUCT"                      0 KB       0 rows
. . imported "ADEMPIERE"."MFA_METHOD"                     14.4 KB       2 rows
. . imported "ADEMPIERE"."ASP_WINDOW"                        0 KB       0 rows
. . imported "ADEMPIERE"."AD_ORGTYPE"                     10.3 KB       3 rows
. . imported "ADEMPIERE"."AD_BROADCASTMESSAGE"               0 KB       0 rows
. . imported "ADEMPIERE"."S_TIMETYPE"                        0 KB       0 rows
. . imported "ADEMPIERE"."AD_PASSWORD_HISTORY"               0 KB       0 rows
. . imported "ADEMPIERE"."GL_JOURNAL"                     21.1 KB       2 rows
. . imported "ADEMPIERE"."M_SHIPPINGPROCESSOR"            11.1 KB       1 rows
. . imported "ADEMPIERE"."PA_DOCUMENTSTATUS"              26.7 KB      16 rows
. . imported "ADEMPIERE"."CM_CONTAINER"                   21.8 KB       5 rows
. . imported "ADEMPIERE"."R_REQUESTTYPE"                  16.2 KB       3 rows
. . imported "ADEMPIERE"."AD_IMPORTTEMPLATE"                 0 KB       0 rows
. . imported "ADEMPIERE"."AD_LABELCATEGORY"                  0 KB       0 rows
. . imported "ADEMPIERE"."A_ASSET_ADDITION"                  0 KB       0 rows
. . imported "ADEMPIERE"."AD_CHARTDATASOURCE"               17 KB       6 rows
. . imported "ADEMPIERE"."AD_PROCESS_PARA"               329.2 KB    1223 rows
. . imported "ADEMPIERE"."PA_RATIO"                       10.6 KB       1 rows
. . imported "ADEMPIERE"."C_TAXDEFINITION"                   0 KB       0 rows
. . imported "ADEMPIERE"."C_RFQ_TOPICSUBSCRIBERONLY"         0 KB       0 rows
. . imported "ADEMPIERE"."AD_FORM_ACCESS"                 20.1 KB     137 rows
. . imported "ADEMPIERE"."M_MOVEMENTCONFIRM"                 0 KB       0 rows
. . imported "ADEMPIERE"."WS_WEBSERVICEFIELDOUTPUT"       10.4 KB       8 rows
. . imported "ADEMPIERE"."R_CATEGORYUPDATES"               9.7 KB       1 rows
. . imported "ADEMPIERE"."AD_REF_LIST"                   166.1 KB    1529 rows
. . imported "ADEMPIERE"."PP_ORDER_NODE"                    37 KB       2 rows
. . imported "ADEMPIERE"."M_SHIPPERPICKUPTYPESCFG"           0 KB       0 rows
. . imported "ADEMPIERE"."C_COMMISSION"                   14.2 KB       1 rows
. . imported "ADEMPIERE"."AD_PROCESS"                    156.6 KB     472 rows
. . imported "ADEMPIERE"."AD_PASSWORDRULE"                   0 KB       0 rows
. . imported "ADEMPIERE"."M_DISCOUNTSCHEMALINE"           25.4 KB      11 rows
. . imported "ADEMPIERE"."AD_WF_NODE"                    115.5 KB     262 rows
. . imported "ADEMPIERE"."ASP_MODULE"                        0 KB       0 rows
. . imported "ADEMPIERE"."A_ASSET_CLASS"                     0 KB       0 rows
. . imported "ADEMPIERE"."C_BANKACCOUNT"                  14.8 KB       3 rows
. . imported "ADEMPIERE"."C_1099BOX"                         0 KB       0 rows
. . imported "ADEMPIERE"."C_DEPARTMENT"                      0 KB       0 rows
. . imported "ADEMPIERE"."WS_WEBSERVICE_PARA"             14.9 KB      46 rows
. . imported "ADEMPIERE"."AD_WORKBENCH_TRL"                 11 KB       1 rows
. . imported "ADEMPIERE"."AD_WF_PROCESSDATA"                 0 KB       0 rows
. . imported "ADEMPIERE"."PA_REPORTCOLUMNSET"             10.4 KB       3 rows
. . imported "ADEMPIERE"."AD_LDAPACCESS"                     0 KB       0 rows
. . imported "ADEMPIERE"."A_ASSET_INFO_INS"                  0 KB       0 rows
. . imported "ADEMPIERE"."M_STORAGERESERVATIONLOG"           0 KB       0 rows
. . imported "ADEMPIERE"."AD_VERIFYMIGRATION"                0 KB       0 rows
. . imported "ADEMPIERE"."R_RESOLUTION"                   10.3 KB       3 rows
. . imported "ADEMPIERE"."AD_TREENODEU4"                     0 KB       0 rows
. . imported "ADEMPIERE"."I_PRODUCT"                         0 KB       0 rows
. . imported "ADEMPIERE"."C_PAYMENTBATCH"                    0 KB       0 rows
. . imported "ADEMPIERE"."AD_WF_NODENEXT"                 31.7 KB     207 rows
. . imported "ADEMPIERE"."A_ASSET_PRODUCT"                   0 KB       0 rows
. . imported "ADEMPIERE"."M_SHIPPERLABELS"                   0 KB       0 rows
. . imported "ADEMPIERE"."M_OPERATIONRESOURCE"               0 KB       0 rows
. . imported "ADEMPIERE"."M_INOUT"                        42.7 KB       9 rows
. . imported "ADEMPIERE"."S_RESOURCETYPE"                 17.9 KB       3 rows
. . imported "ADEMPIERE"."C_INVOICESCHEDULE"              13.7 KB       1 rows
. . imported "ADEMPIERE"."C_GREETING_TRL"                 10.5 KB       1 rows
. . imported "ADEMPIERE"."A_DEPRECIATION_EXP"                0 KB       0 rows
. . imported "ADEMPIERE"."PA_DOCUMENTSTATUSACCESS"        11.9 KB      10 rows
. . imported "ADEMPIERE"."AD_VAL_RULE"                      84 KB     332 rows
. . imported "ADEMPIERE"."PP_PRODUCT_BOM"                 16.9 KB       7 rows
. . imported "ADEMPIERE"."C_TAXPOSTAL"                       0 KB       0 rows
. . imported "ADEMPIERE"."C_TAXTYPE"                         0 KB       0 rows
. . imported "ADEMPIERE"."AD_AUTHORIZATIONPROVIDER"       12.3 KB       2 rows
. . imported "ADEMPIERE"."EXP_PROCESSORPARAMETER"         12.9 KB       7 rows
. . imported "ADEMPIERE"."C_CYCLE"                        10.2 KB       2 rows
. . imported "ADEMPIERE"."WS_WEBSERVICE"                    11 KB       2 rows
. . imported "ADEMPIERE"."AD_SCHEDULERLOG"                   0 KB       0 rows
. . imported "ADEMPIERE"."M_FREIGHT"                      14.1 KB       3 rows
. . imported "ADEMPIERE"."PA_COLORSCHEMA"                 14.2 KB       2 rows
. . imported "ADEMPIERE"."M_EDI"                             0 KB       0 rows
. . imported "ADEMPIERE"."AD_STATUSLINE"                  13.8 KB       7 rows
. . imported "ADEMPIERE"."M_INOUTLINECONFIRM"             13.8 KB       1 rows
. . imported "ADEMPIERE"."AD_PRINTFORMATITEM_TRL"        300.4 KB    2780 rows
. . imported "ADEMPIERE"."PA_DOCUMENTSTATUS_TRL"          15.5 KB      16 rows
. . imported "ADEMPIERE"."K_INDEXLOG"                        0 KB       0 rows
. . imported "ADEMPIERE"."K_TOPIC"                        11.4 KB       1 rows
. . imported "ADEMPIERE"."C_CURRENCY_ACCT"                   0 KB       0 rows
. . imported "ADEMPIERE"."AD_ENTITYTYPE"                    16 KB      12 rows
. . imported "ADEMPIERE"."M_MOVEMENT"                     27.1 KB       1 rows
. . imported "ADEMPIERE"."C_OPPORTUNITY"                     0 KB       0 rows
. . imported "ADEMPIERE"."AD_TABLE"                      192.4 KB    1063 rows
. . imported "ADEMPIERE"."M_DEMANDDETAIL"                    0 KB       0 rows
. . imported "ADEMPIERE"."C_TAXPROVIDER"                     0 KB       0 rows
. . imported "ADEMPIERE"."AD_SCHEDULER"                   19.9 KB      12 rows
. . imported "ADEMPIERE"."AD_WINDOW"                     115.9 KB     452 rows
. . imported "ADEMPIERE"."A_DEPRECIATION_METHOD"          11.5 KB       3 rows
. . imported "ADEMPIERE"."AD_FORM_TRL"                    24.6 KB      51 rows
. . imported "ADEMPIERE"."R_ISSUERECOMMENDATION"             0 KB       0 rows
. . imported "ADEMPIERE"."M_ATTRIBUTEVALUE"               11.8 KB       9 rows
. . imported "ADEMPIERE"."AD_WF_NODE_TRL"                 72.3 KB     262 rows
. . imported "ADEMPIERE"."A_ASSET_REVAL_ENTRY"               0 KB       0 rows
. . imported "ADEMPIERE"."A_ASSET_DELIVERY"                  0 KB       0 rows
. . imported "ADEMPIERE"."GL_DISTRIBUTIONLINE"            29.3 KB       2 rows
. . imported "ADEMPIERE"."C_BP_GROUP"                     15.4 KB       3 rows
. . imported "ADEMPIERE"."A_REGISTRATIONATTRIBUTE"           0 KB       0 rows
. . imported "ADEMPIERE"."C_DOCBASEGROUP"                    0 KB       0 rows
. . imported "ADEMPIERE"."AD_WINDOW_ACCESS"              107.7 KB    1283 rows
. . imported "ADEMPIERE"."K_CATEGORYVALUE"                   0 KB       0 rows
. . imported "ADEMPIERE"."PA_REPORTSOURCE"                  33 KB      93 rows
. . imported "ADEMPIERE"."AD_TREENODE"                    43.9 KB     406 rows
. . imported "ADEMPIERE"."C_TAX_ACCT"                     12.7 KB      12 rows
. . imported "ADEMPIERE"."C_COUNTRYGROUP_TRL"                0 KB       0 rows
. . imported "ADEMPIERE"."AD_TABLE_ACCESS"                11.4 KB       1 rows
. . imported "ADEMPIERE"."C_ACCTPROCESSOR"                14.4 KB       1 rows
. . imported "ADEMPIERE"."A_ASSET_INFO_TAX"                  0 KB       0 rows
. . imported "ADEMPIERE"."PA_REPORTLINE"                  33.9 KB     113 rows
. . imported "ADEMPIERE"."AD_INDEXCOLUMN"                146.4 KB    1537 rows
. . imported "ADEMPIERE"."M_ATTRIBUTEINSTANCE"            11.9 KB       5 rows
. . imported "ADEMPIERE"."ASP_LEVEL"                         0 KB       0 rows
. . imported "ADEMPIERE"."I_ELEMENTVALUE"                    0 KB       0 rows
. . imported "ADEMPIERE"."HR_DEPARTMENT"                     0 KB       0 rows
. . imported "ADEMPIERE"."C_BP_VENDOR_ACCT"               13.8 KB      36 rows
. . imported "ADEMPIERE"."M_PACKAGEMPS"                      0 KB       0 rows
. . imported "ADEMPIERE"."M_PROMOTIONGROUP"                  0 KB       0 rows
. . imported "ADEMPIERE"."AD_COLUMN_TRL"                   2.4 MB   26476 rows
. . imported "ADEMPIERE"."AD_INFOPROCESS"                 13.5 KB      11 rows
. . imported "ADEMPIERE"."AD_TABLEVALRULE"                   0 KB       0 rows
. . imported "ADEMPIERE"."AD_ELEMENT_TRL"                    1 MB    5985 rows
. . imported "ADEMPIERE"."AD_WIZARDPROCESS"                  0 KB       0 rows
. . imported "ADEMPIERE"."PA_HIERARCHY"                      0 KB       0 rows
. . imported "ADEMPIERE"."PP_MRP"                         33.9 KB      56 rows
. . imported "ADEMPIERE"."I_PRICELIST"                       0 KB       0 rows
. . imported "ADEMPIERE"."A_REGISTRATIONPRODUCT"             0 KB       0 rows
. . imported "ADEMPIERE"."C_PAYSCHEDULE"                  12.5 KB       2 rows
. . imported "ADEMPIERE"."AD_FIELDSUGGESTION"                0 KB       0 rows
. . imported "ADEMPIERE"."AD_TABLE_TRL"                  108.2 KB    1063 rows
. . imported "ADEMPIERE"."C_CHANNEL"                      10.3 KB       2 rows
. . imported "ADEMPIERE"."AD_ATTACHMENT"                  12.1 KB       1 rows
. . imported "ADEMPIERE"."M_RELATEDPRODUCT"               10.6 KB       1 rows
. . imported "ADEMPIERE"."C_POSTENDERTYPE"                   0 KB       0 rows
. . imported "ADEMPIERE"."C_CASH"                         18.5 KB       3 rows
. . imported "ADEMPIERE"."B_BUYER"                           0 KB       0 rows
. . imported "ADEMPIERE"."C_DOCTYPE_TRL"                  17.4 KB      52 rows
. . imported "ADEMPIERE"."PA_GOALRESTRICTION"                0 KB       0 rows
. . imported "ADEMPIERE"."AD_CHART_TRL"                   11.7 KB       4 rows
. . imported "ADEMPIERE"."A_ASSET_REVAL"                     0 KB       0 rows
. . imported "ADEMPIERE"."AD_CTXHELP"                     13.5 KB       1 rows
. . imported "ADEMPIERE"."AD_PACKAGE_IMP_INST"               0 KB       0 rows
. . imported "ADEMPIERE"."C_ORDERLANDEDCOST"                 0 KB       0 rows
. . imported "ADEMPIERE"."AD_RECENTITEM"                     0 KB       0 rows
. . imported "ADEMPIERE"."M_PERPETUALINV"                    0 KB       0 rows
. . imported "ADEMPIERE"."C_DEPOSITBATCHLINE"                0 KB       0 rows
. . imported "ADEMPIERE"."AD_TABLEATTRIBUTESET"              0 KB       0 rows
. . imported "ADEMPIERE"."M_SHIPPERPICKUPTYPES"              0 KB       0 rows
. . imported "ADEMPIERE"."AD_PACKAGE_EXP_COMMON"             0 KB       0 rows
. . imported "ADEMPIERE"."R_REQUESTUPDATE"                12.5 KB       1 rows
. . imported "ADEMPIERE"."C_CYCLEPHASE"                     10 KB      10 rows
. . imported "ADEMPIERE"."AD_CTXHELPMSG"                  10.4 KB       1 rows
. . imported "ADEMPIERE"."PA_SLA_CRITERIA"                11.4 KB       2 rows
. . imported "ADEMPIERE"."C_BP_RELATION"                  13.4 KB       1 rows
. . imported "ADEMPIERE"."C_ADDRESSVALIDATION"               0 KB       0 rows
. . imported "ADEMPIERE"."WS_WEBSERVICEMETHOD"            13.1 KB       9 rows
. . imported "ADEMPIERE"."M_FORECAST"                     12.8 KB       4 rows
. . imported "ADEMPIERE"."AD_PRINTFORMAT"                 33.2 KB      93 rows
. . imported "ADEMPIERE"."QM_SPECIFICATION"                  0 KB       0 rows
. . imported "ADEMPIERE"."I_ASSET"                           0 KB       0 rows
. . imported "ADEMPIERE"."C_DOCTYPECOUNTER"               12.4 KB       1 rows
. . imported "ADEMPIERE"."M_SHIPPER"                      11.3 KB       3 rows
. . imported "ADEMPIERE"."HR_LISTVERSION"                    0 KB       0 rows
. . imported "ADEMPIERE"."AD_PROCESS_DRILLRULE"              0 KB       0 rows
. . imported "ADEMPIERE"."T_TRIALBALANCE"                    0 KB       0 rows
. . imported "ADEMPIERE"."M_COSTELEMENT"                    12 KB       9 rows
. . imported "ADEMPIERE"."AD_SYSCONFIG"                   49.8 KB     213 rows
. . imported "ADEMPIERE"."I_MOVEMENT"                        0 KB       0 rows
. . imported "ADEMPIERE"."AD_USERPREFERENCE"                 0 KB       0 rows
. . imported "ADEMPIERE"."AD_WF_ACTIVITYRESULT"              0 KB       0 rows
. . imported "ADEMPIERE"."C_INVOICETAX"                   12.1 KB       8 rows
. . imported "ADEMPIERE"."AD_REF_TABLE"                   43.9 KB     234 rows
. . imported "ADEMPIERE"."PP_ORDER_WORKFLOW_TRL"          11.3 KB       2 rows
. . imported "ADEMPIERE"."C_UOM"                          14.3 KB      15 rows
. . imported "ADEMPIERE"."AD_TREE"                        16.3 KB      23 rows
. . imported "ADEMPIERE"."AD_REPLICATION_RUN"                0 KB       0 rows
. . imported "ADEMPIERE"."AD_PRIVATE_ACCESS"                 0 KB       0 rows
. . imported "ADEMPIERE"."A_ASSET_SPREAD"                 15.9 KB       2 rows
. . imported "ADEMPIERE"."S_RESOURCEUNAVAILABLE"          10.7 KB       2 rows
. . imported "ADEMPIERE"."C_RFQRESPONSELINEQTY"              0 KB       0 rows
. . imported "ADEMPIERE"."A_ASSET_GROUP_TRL"              11.8 KB       9 rows
. . imported "ADEMPIERE"."M_MOVEMENTLINE"                 17.7 KB       1 rows
. . imported "ADEMPIERE"."B_BUYERFUNDS"                      0 KB       0 rows
. . imported "ADEMPIERE"."AD_NOTE"                           0 KB       0 rows
. . imported "ADEMPIERE"."PP_ORDER_NODE_PRODUCT"             0 KB       0 rows
. . imported "ADEMPIERE"."B_BID"                             0 KB       0 rows
. . imported "ADEMPIERE"."C_ACTIVITY"                        0 KB       0 rows
. . imported "ADEMPIERE"."AD_WORKFLOW"                    50.5 KB      58 rows
. . imported "ADEMPIERE"."M_COSTQUEUE"                       0 KB       0 rows
. . imported "ADEMPIERE"."C_BANKSTATEMENT"                19.6 KB       2 rows
. . imported "ADEMPIERE"."AD_INFOWINDOW"                    25 KB      17 rows
. . imported "ADEMPIERE"."AD_TREE_FAVORITE"                9.5 KB       4 rows
. . imported "ADEMPIERE"."AD_RULE"                        17.1 KB       4 rows
. . imported "ADEMPIERE"."AD_TASK_TRL"                    11.5 KB       3 rows
. . imported "ADEMPIERE"."AD_TREENODEU2"                     0 KB       0 rows
. . imported "ADEMPIERE"."I_ORDER"                           0 KB       0 rows
. . imported "ADEMPIERE"."K_CATEGORY"                     10.1 KB       1 rows
. . imported "ADEMPIERE"."PP_PRODUCT_BOMLINE"             21.7 KB      21 rows
. . imported "ADEMPIERE"."T_CASHFLOW"                        0 KB       0 rows
. . imported "ADEMPIERE"."AD_PACKAGE_IMP_BACKUP"             0 KB       0 rows
. . imported "ADEMPIERE"."AD_PRINTLABELLINE_TRL"             0 KB       0 rows
. . imported "ADEMPIERE"."AD_CTXHELPSUGGESTION"              0 KB       0 rows
. . imported "ADEMPIERE"."AD_WORKFLOW_TRL"                31.6 KB      58 rows
. . imported "ADEMPIERE"."AD_TREENODEPR"                  14.6 KB      55 rows
. . imported "ADEMPIERE"."T_SPOOL"                           0 KB       0 rows
. . imported "ADEMPIERE"."WS_WEBSERVICEFIELDINPUT"        16.5 KB      45 rows
. . imported "ADEMPIERE"."AD_MENU"                         130 KB     813 rows
. . imported "ADEMPIERE"."M_ATTRIBUTESEARCH"               9.7 KB       1 rows
. . imported "ADEMPIERE"."C_CURRENCY_TRL"                 27.2 KB     175 rows
. . imported "ADEMPIERE"."A_ASSET_CHANGE_AMT"                0 KB       0 rows
. . imported "ADEMPIERE"."C_NONBUSINESSDAY"               10.6 KB       1 rows
. . imported "ADEMPIERE"."C_RECURRING_RUN"                   0 KB       0 rows
. . imported "ADEMPIERE"."A_ASSET_GROUP_ACCT"             30.2 KB       6 rows
. . imported "ADEMPIERE"."CM_TEMPLATETABLE"                  0 KB       0 rows
. . imported "ADEMPIERE"."AD_RECORD_ACCESS"                  0 KB       0 rows
. . imported "ADEMPIERE"."T_MOVECLIENT"                      0 KB       0 rows
. . imported "ADEMPIERE"."AD_IMAGE"                       12.5 KB      10 rows
. . imported "ADEMPIERE"."B_BIDCOMMENT"                      0 KB       0 rows
. . imported "ADEMPIERE"."AD_PINSTANCE_PARA"                 0 KB       0 rows
. . imported "ADEMPIERE"."M_DISTRIBUTIONRUNLINE"          12.1 KB       1 rows
. . imported "ADEMPIERE"."AD_MODELGENERATORTEMPLATE"         0 KB       0 rows
. . imported "ADEMPIERE"."AD_CLIENT"                      23.7 KB       2 rows
. . imported "ADEMPIERE"."AD_PRINTFORMATITEM"            592.7 KB    2780 rows
. . imported "ADEMPIERE"."W_MAILMSG_TRL"                     0 KB       0 rows
. . imported "ADEMPIERE"."PP_ORDER_COST"                     0 KB       0 rows
. . imported "ADEMPIERE"."K_SOURCE"                        9.7 KB       1 rows
. . imported "ADEMPIERE"."C_TAXCATEGORY"                  10.6 KB       1 rows
. . imported "ADEMPIERE"."AD_COLUMN"                       7.6 MB   26476 rows
. . imported "ADEMPIERE"."M_PRODUCTPRICEVENDORBREAK"         0 KB       0 rows
. . imported "ADEMPIERE"."CM_CSTAGE"                      22.3 KB       5 rows
. . imported "ADEMPIERE"."C_PAYSELECTIONCHECK"            15.1 KB       1 rows
. . imported "ADEMPIERE"."C_ACCTSCHEMA_GL"                15.2 KB       2 rows
. . imported "ADEMPIERE"."AD_ATTACHMENT_ENTRY"               0 KB       0 rows
. . imported "ADEMPIERE"."A_ASSET_RETIREMENT"                0 KB       0 rows
. . imported "ADEMPIERE"."C_JOBREMUNERATION"                 0 KB       0 rows
. . imported "ADEMPIERE"."AD_STORAGEPROVIDER"                0 KB       0 rows
. . imported "ADEMPIERE"."M_INOUTLINEMA"                     0 KB       0 rows
. . imported "ADEMPIERE"."C_ACCTSCHEMA_ELEMENT"           21.9 KB      12 rows
. . imported "ADEMPIERE"."PP_ORDER"                       35.6 KB       2 rows
. . imported "ADEMPIERE"."A_REGISTRATION"                    0 KB       0 rows
. . imported "ADEMPIERE"."R_ISSUEUSER"                       0 KB       0 rows
. . imported "ADEMPIERE"."T_MRP_CRP"                         0 KB       0 rows
. . imported "ADEMPIERE"."PP_ORDER_NODE_TRL"              11.1 KB       2 rows
. . imported "ADEMPIERE"."W_STORE"                          24 KB       1 rows
. . imported "ADEMPIERE"."CM_CHATUPDATE"                     0 KB       0 rows
. . imported "ADEMPIERE"."M_WAREHOUSE_ACCT"               13.1 KB      22 rows
. . imported "ADEMPIERE"."CM_TEMPLATE"                    21.9 KB       4 rows
. . imported "ADEMPIERE"."TESTUUDET"                      10.3 KB       3 rows
. . imported "ADEMPIERE"."A_ASSET_REVAL_INDEX"               0 KB       0 rows
. . imported "ADEMPIERE"."PA_DASHBOARDCONTENT"            21.9 KB      12 rows
. . imported "ADEMPIERE"."PA_REPORT"                        16 KB       3 rows
. . imported "ADEMPIERE"."PP_ORDER_BOM"                   16.7 KB       2 rows
. . imported "ADEMPIERE"."AD_INFOCOLUMN"                  85.7 KB     198 rows
. . imported "ADEMPIERE"."I_HR_MOVEMENT"                     0 KB       0 rows
. . imported "ADEMPIERE"."PA_REPORTLINE_TRL"              19.5 KB     113 rows
. . imported "ADEMPIERE"."AD_WF_BLOCK"                       0 KB       0 rows
. . imported "ADEMPIERE"."I_CONVERSION_RATE"              16.2 KB       2 rows
. . imported "ADEMPIERE"."C_BPARTNER_LOCATION"            16.7 KB      16 rows
. . imported "ADEMPIERE"."C_PAYSELECTIONLINE"             15.1 KB       1 rows
. . imported "ADEMPIERE"."A_DEPRECIATION_TABLE_HEADER"    28.5 KB     122 rows
. . imported "ADEMPIERE"."AD_TABLE_SCRIPTVALIDATOR"          0 KB       0 rows
. . imported "ADEMPIERE"."C_BANKACCOUNTDOC"               11.7 KB       2 rows
. . imported "ADEMPIERE"."GL_FUNDRESTRICTION"                0 KB       0 rows
. . imported "ADEMPIERE"."GL_JOURNALGENERATORSOURCE"      12.3 KB       8 rows
. . imported "ADEMPIERE"."AD_PRINTFONT"                   16.9 KB      66 rows
. . imported "ADEMPIERE"."M_FREIGHTCATEGORY"              10.6 KB       2 rows
. . imported "ADEMPIERE"."M_DEMANDLINE"                      0 KB       0 rows
. . imported "ADEMPIERE"."ASP_CLIENTEXCEPTION"               0 KB       0 rows
. . imported "ADEMPIERE"."C_ACCTPROCESSORLOG"                0 KB       0 rows
. . imported "ADEMPIERE"."AD_ISSUE"                          0 KB       0 rows
. . imported "ADEMPIERE"."AD_PRINTFORMAT_TRL"             18.7 KB      93 rows
. . imported "ADEMPIERE"."A_DEPRECIATION_BUILD"              0 KB       0 rows
. . imported "ADEMPIERE"."M_SHIPPERPACKAGINGCFG"             0 KB       0 rows
. . imported "ADEMPIERE"."C_ELEMENTVALUE"                 70.5 KB     379 rows
. . imported "ADEMPIERE"."CM_MEDIA_SERVER"                13.4 KB       1 rows
. . imported "ADEMPIERE"."C_TAXPROVIDERCFG"                  0 KB       0 rows
. . imported "ADEMPIERE"."M_REPLENISH"                    13.5 KB      19 rows
. . imported "ADEMPIERE"."C_BANKSTATEMENTLINE"            24.2 KB       2 rows
. . imported "ADEMPIERE"."ASP_TAB"                           0 KB       0 rows
. . imported "ADEMPIERE"."AD_AUTHORIZATIONSCOPEPROV"      10.7 KB       3 rows
. . imported "ADEMPIERE"."AD_VIEWCOMPONENT"              108.3 KB     229 rows
. . imported "ADEMPIERE"."AD_PRINTPAPER"                  15.1 KB       4 rows
. . imported "ADEMPIERE"."M_MATCHPO"                      21.5 KB      37 rows
. . imported "ADEMPIERE"."AD_SCHEDULER_PARA"                12 KB      14 rows
. . imported "ADEMPIERE"."AD_MESSAGE"                    269.3 KB    2105 rows
. . imported "ADEMPIERE"."S_RESOURCE"                     16.9 KB      11 rows
. . imported "ADEMPIERE"."C_POSKEYLAYOUT"                 12.4 KB       5 rows
. . imported "ADEMPIERE"."AD_REGISTRATION"                   0 KB       0 rows
. . imported "ADEMPIERE"."M_PRODUCT_TRL"                  16.9 KB      55 rows
. . imported "ADEMPIERE"."AD_USER_ORGACCESS"                 0 KB       0 rows
. . imported "ADEMPIERE"."C_ACCTSCHEMA"                     22 KB       2 rows
. . imported "ADEMPIERE"."C_DUNNINGRUNLINE"                  0 KB       0 rows
. . imported "ADEMPIERE"."M_ATTRIBUTEINSTANCELINE"           0 KB       0 rows
. . imported "ADEMPIERE"."HR_PROCESS"                        0 KB       0 rows
. . imported "ADEMPIERE"."C_LANDEDCOST"                      0 KB       0 rows
. . imported "ADEMPIERE"."M_PRODUCTIONLINE"                  0 KB       0 rows
. . imported "ADEMPIERE"."M_PROMOTIONGROUPLINE"              0 KB       0 rows
. . imported "ADEMPIERE"."MFA_RULE"                        9.8 KB       2 rows
. . imported "ADEMPIERE"."C_INTERORG_ACCT"                   0 KB       0 rows
. . imported "ADEMPIERE"."C_INVOICE"                      40.6 KB       8 rows
. . imported "ADEMPIERE"."PP_WF_NODE_PRODUCT"                0 KB       0 rows
. . imported "ADEMPIERE"."C_GREETING"                     10.5 KB       1 rows
. . imported "ADEMPIERE"."C_BP_SHIPPINGACCT"                 0 KB       0 rows
. . imported "ADEMPIERE"."R_REQUEST"                      35.9 KB       1 rows
. . imported "ADEMPIERE"."AD_LABELPRINTERFUNCTION"           0 KB       0 rows
. . imported "ADEMPIERE"."C_JOB"                          11.4 KB       4 rows
. . imported "ADEMPIERE"."AD_ORG"                         11.5 KB      10 rows
. . imported "ADEMPIERE"."K_TYPE"                         11.1 KB       2 rows
. . imported "ADEMPIERE"."WS_WEBSERVICETYPEACCESS"        10.9 KB      16 rows
. . imported "ADEMPIERE"."M_INOUTCONFIRM"                 15.9 KB       1 rows
. . imported "ADEMPIERE"."T_SELECTION2"                      0 KB       0 rows
. . imported "ADEMPIERE"."GL_CATEGORY"                    12.7 KB      10 rows
. . imported "ADEMPIERE"."I_INVENTORY"                       0 KB       0 rows
. . imported "ADEMPIERE"."A_DEPRECIATION_FORECAST"           0 KB       0 rows
. . imported "ADEMPIERE"."M_PRODUCT_CATEGORY_TRL"         11.3 KB      14 rows
. . imported "ADEMPIERE"."M_PROMOTIONREWARD"                 0 KB       0 rows
. . imported "ADEMPIERE"."CM_CHAT"                           0 KB       0 rows
. . imported "ADEMPIERE"."C_TAXDECLARATION"                  0 KB       0 rows
. . imported "ADEMPIERE"."AD_PROCESS_PARA_TRL"           243.8 KB    1223 rows
. . imported "ADEMPIERE"."AD_ROLE_INCLUDED"                  0 KB       0 rows
. . imported "ADEMPIERE"."EXP_FORMATLINE"                 19.2 KB      43 rows
. . imported "ADEMPIERE"."C_COUNTRYGROUPCOUNTRY"             0 KB       0 rows
. . imported "ADEMPIERE"."C_BP_BANKACCOUNT"               20.9 KB       1 rows
. . imported "ADEMPIERE"."W_BASKET"                          0 KB       0 rows
. . imported "ADEMPIERE"."AD_INFOWINDOW_ACCESS"           14.9 KB      76 rows
. . imported "ADEMPIERE"."AD_PRINTLABEL"                     0 KB       0 rows
. . imported "ADEMPIERE"."R_REQUESTUPDATES"                  0 KB       0 rows
. . imported "ADEMPIERE"."CM_WEBPROJECT_DOMAIN"           11.7 KB       1 rows
. . imported "ADEMPIERE"."M_DISCOUNTSCHEMA"               13.5 KB       3 rows
. . imported "ADEMPIERE"."AD_USERDEF_FIELD"                  0 KB       0 rows
. . imported "ADEMPIERE"."C_TASK"                         13.1 KB       9 rows
. . imported "ADEMPIERE"."M_ATTRIBUTESETINSTANCE"         11.8 KB       4 rows
. . imported "ADEMPIERE"."M_CHANGENOTICE"                 11.9 KB       1 rows
. . imported "ADEMPIERE"."K_INDEX"                           0 KB       0 rows
. . imported "ADEMPIERE"."R_STANDARDRESPONSE"              9.8 KB       1 rows
. . imported "ADEMPIERE"."AD_COLOR"                          0 KB       0 rows
. . imported "ADEMPIERE"."C_BANK"                         11.6 KB       2 rows
. . imported "ADEMPIERE"."AD_REQUIREDPLUGIN"                 0 KB       0 rows
. . imported "ADEMPIERE"."C_SALESSTAGE_TRL"                  0 KB       0 rows
. . imported "ADEMPIERE"."AD_ROLE_ORGACCESS"              10.5 KB      18 rows
. . imported "ADEMPIERE"."C_PAYMENTPROCESSOR"             21.1 KB       2 rows
. . imported "ADEMPIERE"."M_DISTRIBUTIONLISTLINE"         11.8 KB       3 rows
. . imported "ADEMPIERE"."C_COMMISSIONAMT"                   0 KB       0 rows
. . imported "ADEMPIERE"."CM_ACCESSMEDIA"                    0 KB       0 rows
. . imported "ADEMPIERE"."C_POSKEY"                         31 KB     163 rows
. . imported "ADEMPIERE"."AD_ALERTRECIPIENT"              10.2 KB       1 rows
. . imported "ADEMPIERE"."C_TAXDECLARATIONACCT"              0 KB       0 rows
. . imported "ADEMPIERE"."C_DUNNINGLEVEL_TRL"             10.8 KB       2 rows
. . imported "ADEMPIERE"."M_PROMOTIONLINE"                   0 KB       0 rows
. . imported "ADEMPIERE"."AD_TREENODEU1"                     0 KB       0 rows
. . imported "ADEMPIERE"."AD_WORKBENCH"                     12 KB       1 rows
. . imported "ADEMPIERE"."PA_RATIOELEMENT"                14.1 KB       3 rows
. . imported "ADEMPIERE"."C_PAYMENTTERM_TRL"              11.6 KB       5 rows
. . imported "ADEMPIERE"."M_PRODUCT"                      48.8 KB      55 rows
. . imported "ADEMPIERE"."C_PAYMENTTRANSACTION"              0 KB       0 rows
. . imported "ADEMPIERE"."M_PRODUCTION"                      0 KB       0 rows
. . imported "ADEMPIERE"."M_ATTRIBUTESETEXCLUDE"             0 KB       0 rows
. . imported "ADEMPIERE"."M_PRICELIST_VERSION_TRL"        10.4 KB       6 rows
. . imported "ADEMPIERE"."PP_ORDER_BOM_TRL"               11.2 KB       2 rows
. . imported "ADEMPIERE"."M_MOVEMENTLINEMA"                  0 KB       0 rows
. . imported "ADEMPIERE"."AD_CHART"                       14.5 KB       4 rows
. . imported "ADEMPIERE"."T_AGING"                           0 KB       0 rows
. . imported "ADEMPIERE"."PA_ACHIEVEMENT"                    0 KB       0 rows
. . imported "ADEMPIERE"."AD_INFORELATED"                    0 KB       0 rows
. . imported "ADEMPIERE"."AD_PROCESS_DRILLRULE_TRL"          0 KB       0 rows
. . imported "ADEMPIERE"."R_ISSUESOURCE"                     0 KB       0 rows
. . imported "ADEMPIERE"."T_RECONCILIATION"                  0 KB       0 rows
. . imported "ADEMPIERE"."PP_WF_NODE_ASSET"                  0 KB       0 rows
. . imported "ADEMPIERE"."A_REGISTRATIONVALUE"               0 KB       0 rows
. . imported "ADEMPIERE"."AD_WLISTBOX_CUSTOMIZATION"         0 KB       0 rows
. . imported "ADEMPIERE"."U_WEB_PROPERTIES"               24.1 KB     143 rows
. . imported "ADEMPIERE"."AD_MODELVALIDATOR"                12 KB       3 rows
. . imported "ADEMPIERE"."T_DISTRIBUTIONRUNDETAIL"           0 KB       0 rows
. . imported "ADEMPIERE"."B_SELLER"                          0 KB       0 rows
. . imported "ADEMPIERE"."C_TAXBASE"                         0 KB       0 rows
. . imported "ADEMPIERE"."C_BANKSTATEMENTMATCHER"            0 KB       0 rows
. . imported "ADEMPIERE"."PA_SLA_MEASURE"                 12.4 KB       1 rows
. . imported "ADEMPIERE"."AD_WF_NODE_PARA"                11.6 KB       1 rows
. . imported "ADEMPIERE"."HR_CONCEPT_ACCT"                   0 KB       0 rows
. . imported "ADEMPIERE"."AD_DESKTOP_TRL"                   11 KB       1 rows
. . imported "ADEMPIERE"."JAVA$CLASS$MD5$TABLE"            5.9 KB       9 rows
. . imported "ADEMPIERE"."AD_PRINTTABLEFORMAT"            22.7 KB       2 rows
. . imported "ADEMPIERE"."AD_ZOOMCONDITION"               14.7 KB      13 rows
. . imported "ADEMPIERE"."AD_REF_LIST_TRL"               156.6 KB    1529 rows
. . imported "ADEMPIERE"."CM_CSTAGE_ELEMENT"              14.1 KB       7 rows
. . imported "ADEMPIERE"."GL_JOURNALLINE"                 28.4 KB       4 rows
. . imported "ADEMPIERE"."U_WEBMENU"                      39.3 KB     143 rows
. . imported "ADEMPIERE"."U_POSTERMINAL"                  21.9 KB       1 rows
. . imported "ADEMPIERE"."PA_REPORTLINESET"               10.4 KB       3 rows
. . imported "ADEMPIERE"."C_REGION"                         50 KB     399 rows
. . imported "ADEMPIERE"."AD_CLIENTSHARE"                    0 KB       0 rows
. . imported "ADEMPIERE"."AD_PACKAGE_EXP_DETAIL"             0 KB       0 rows
. . imported "ADEMPIERE"."C_UOM_CONVERSION"               11.6 KB       1 rows
. . imported "ADEMPIERE"."DD_ORDERLINE"                      0 KB       0 rows
. . imported "ADEMPIERE"."CM_ACCESSSTAGE"                    0 KB       0 rows
. . imported "ADEMPIERE"."CM_CONTAINER_TRL"               13.1 KB       5 rows
. . imported "ADEMPIERE"."M_COST"                         42.5 KB     267 rows
. . imported "ADEMPIERE"."FACT_ACCT"                         0 KB       0 rows
. . imported "ADEMPIERE"."DD_ORDER"                          0 KB       0 rows
. . imported "ADEMPIERE"."AD_TREE_FAVORITE_NODE"            15 KB      24 rows
. . imported "ADEMPIERE"."C_CASHLINE"                     15.6 KB       5 rows
. . imported "ADEMPIERE"."M_FORECASTLINE"                   18 KB      50 rows
. . imported "ADEMPIERE"."C_BANKTRANSFER"                    0 KB       0 rows
. . imported "ADEMPIERE"."R_CATEGORY"                     10.8 KB       3 rows
. . imported "ADEMPIERE"."M_ATTRIBUTE"                    14.6 KB       4 rows
. . imported "ADEMPIERE"."M_BOM"                          12.4 KB       1 rows
. . imported "ADEMPIERE"."PA_DASHBOARDCONTENT_ACCESS"     10.4 KB       2 rows
. . imported "ADEMPIERE"."C_DOCBASEGROUPLINE"                0 KB       0 rows
. . imported "ADEMPIERE"."AD_LANGUAGE"                    28.7 KB     109 rows
. . imported "ADEMPIERE"."AD_PINSTANCE"                      0 KB       0 rows
. . imported "ADEMPIERE"."C_COUNTRY"                      74.4 KB     251 rows
. . imported "ADEMPIERE"."S_TRAINING"                     13.4 KB       1 rows
. . imported "ADEMPIERE"."C_DUNNING"                      11.1 KB       2 rows
. . imported "ADEMPIERE"."FACT_ACCT_SUMMARY"                 0 KB       0 rows
. . imported "ADEMPIERE"."M_SHIPPINGTRANSACTION"             0 KB       0 rows
. . imported "ADEMPIERE"."AD_REPORTVIEW"                    23 KB     102 rows
. . imported "ADEMPIERE"."M_QUALITYTEST"                     0 KB       0 rows
. . imported "ADEMPIERE"."AD_WORKFLOW_ACCESS"             23.2 KB     177 rows
. . imported "ADEMPIERE"."AD_ACCESSLOG"                      0 KB       0 rows
. . imported "ADEMPIERE"."AD_ELEMENT"                        1 MB    5985 rows
. . imported "ADEMPIERE"."M_PROMOTIONDISTRIBUTION"           0 KB       0 rows
. . imported "ADEMPIERE"."K_SYNONYM"                         0 KB       0 rows
. . imported "ADEMPIERE"."PP_PRODUCT_BOM_TRL"             11.8 KB       7 rows
. . imported "ADEMPIERE"."QM_SPECIFICATIONLINE"              0 KB       0 rows
. . imported "ADEMPIERE"."I_REPORTLINE"                      0 KB       0 rows
. . imported "ADEMPIERE"."AD_ALERTPROCESSOR"              13.4 KB       1 rows
. . imported "ADEMPIERE"."CM_CSTAGE_TRL"                  13.1 KB       5 rows
. . imported "ADEMPIERE"."AD_LDAPPROCESSORLOG"               0 KB       0 rows
. . imported "ADEMPIERE"."AD_PRINTGRAPH"                     0 KB       0 rows
. . imported "ADEMPIERE"."C_REVENUERECOGNITION_PLAN"         0 KB       0 rows
. . imported "ADEMPIERE"."M_PRODUCTDOWNLOAD"              10.2 KB       1 rows
. . imported "ADEMPIERE"."T_BOMLINE"                         0 KB       0 rows
. . imported "ADEMPIERE"."HR_LISTLINE"                       0 KB       0 rows
. . imported "ADEMPIERE"."AD_REPLICATION"                 15.9 KB       1 rows
. . imported "ADEMPIERE"."AD_PINSTANCE_LOG"                  0 KB       0 rows
. . imported "ADEMPIERE"."AD_MESSAGE_TRL"                238.5 KB    2105 rows
. . imported "ADEMPIERE"."HR_PAYROLL"                        0 KB       0 rows
. . imported "ADEMPIERE"."PA_BENCHMARK"                      0 KB       0 rows
. . imported "ADEMPIERE"."C_PERIOD"                       50.2 KB     360 rows
. . imported "ADEMPIERE"."C_COUNTRYGROUP"                    0 KB       0 rows
. . imported "ADEMPIERE"."CM_CONTAINER_ELEMENT"             14 KB       6 rows
. . imported "ADEMPIERE"."AD_LDAPPROCESSOR"               12.4 KB       1 rows
. . imported "ADEMPIERE"."M_ATTRIBUTESET"                 18.7 KB       4 rows
. . imported "ADEMPIERE"."W_ADVERTISEMENT"                18.1 KB       1 rows
. . imported "ADEMPIERE"."AD_FIELD"                        6.2 MB   21281 rows
. . imported "ADEMPIERE"."M_SUBSTITUTE"                      0 KB       0 rows
. . imported "ADEMPIERE"."AD_TREENODEBP"                  11.6 KB      18 rows
. . imported "ADEMPIERE"."PA_MEASURECALC"                 15.9 KB       6 rows
. . imported "ADEMPIERE"."AD_SEQUENCE"                   219.1 KB    1445 rows
. . imported "ADEMPIERE"."B_TOPICCATEGORY"                   0 KB       0 rows
. . imported "ADEMPIERE"."A_DEPRECIATION_ENTRY"              0 KB       0 rows
. . imported "ADEMPIERE"."C_YEAR"                           13 KB      30 rows
. . imported "ADEMPIERE"."HR_LIST"                           0 KB       0 rows
. . imported "ADEMPIERE"."PP_ORDER_BOMLINE"                 25 KB       4 rows
. . imported "ADEMPIERE"."W_CLICKCOUNT"                   10.6 KB       1 rows
. . imported "ADEMPIERE"."PA_REPORTCOLUMN_TRL"            11.6 KB      17 rows
. . imported "ADEMPIERE"."CREATE$JAVA$LOB$TABLE"            38 KB       8 rows
. . imported "ADEMPIERE"."I_INOUTLINECONFIRM"                0 KB       0 rows
. . imported "ADEMPIERE"."AD_ALERTPROCESSORLOG"              0 KB       0 rows
. . imported "ADEMPIERE"."AD_CLIENTINFO"                  22.3 KB       2 rows
. . imported "ADEMPIERE"."AD_USERMAIL"                    14.6 KB       1 rows
. . imported "ADEMPIERE"."C_INVOICEPAYSCHEDULE"           12.9 KB       2 rows
. . imported "ADEMPIERE"."T_REPLENISH"                       0 KB       0 rows
. . imported "ADEMPIERE"."I_INVOICE"                         0 KB       0 rows
. . imported "ADEMPIERE"."K_ENTRY"                           0 KB       0 rows
. . imported "ADEMPIERE"."C_BANKACCOUNT_PROCESSOR"        16.9 KB       2 rows
. . imported "ADEMPIERE"."S_EXPENSETYPE"                    12 KB       1 rows
. . imported "ADEMPIERE"."HR_ATTRIBUTE"                      0 KB       0 rows
. . imported "ADEMPIERE"."AD_AUTHORIZATIONCREDENTIAL"        0 KB       0 rows
. . imported "ADEMPIERE"."AD_TREENODECMT"                 10.5 KB       4 rows
. . imported "ADEMPIERE"."C_RFQ_TOPICSUBSCRIBER"          11.7 KB       2 rows
. . imported "ADEMPIERE"."AD_CHANGELOG"                      0 KB       0 rows
. . imported "ADEMPIERE"."AD_ARCHIVE"                        0 KB       0 rows
. . imported "ADEMPIERE"."HR_CONCEPT_CATEGORY"               0 KB       0 rows
. . imported "ADEMPIERE"."C_ACTIVITY_TRL"                    0 KB       0 rows
. . imported "ADEMPIERE"."M_SHIPPINGTRANSACTIONLINE"         0 KB       0 rows
. . imported "ADEMPIERE"."PA_DASHBOARDCONTENT_TRL"        13.3 KB      12 rows
. . imported "ADEMPIERE"."A_ASSET_INFO_FIN"                  0 KB       0 rows
. . imported "ADEMPIERE"."AD_REPLICATIONTABLE"            49.4 KB     473 rows
. . imported "ADEMPIERE"."C_VALIDCOMBINATION"             40.8 KB     157 rows
. . imported "ADEMPIERE"."AD_VIEWCOLUMN"                     2 MB   17684 rows
. . imported "ADEMPIERE"."A_FUNDINGMODE"                     0 KB       0 rows
. . imported "ADEMPIERE"."AD_USERDEF_PROC"                   0 KB       0 rows
. . imported "ADEMPIERE"."AD_MENU_TRL"                   116.4 KB     813 rows
. . imported "ADEMPIERE"."C_ELEMENTVALUE_TRL"             52.2 KB     379 rows
. . imported "ADEMPIERE"."C_CAMPAIGN"                     12.5 KB       2 rows
. . imported "ADEMPIERE"."AD_SCHEDULERRECIPIENT"          11.6 KB       1 rows
. . imported "ADEMPIERE"."CM_ACCESSLISTROLE"                 0 KB       0 rows
. . imported "ADEMPIERE"."R_STATUS"                       15.5 KB       4 rows
. . imported "ADEMPIERE"."SSO_PRINCIPALCONFIG"               0 KB       0 rows
. . imported "ADEMPIERE"."C_POS"                          16.8 KB       1 rows
. . imported "ADEMPIERE"."GL_FUND"                           0 KB       0 rows
. . imported "ADEMPIERE"."M_ATTRIBUTEUSE"                   11 KB       5 rows
. . imported "ADEMPIERE"."C_SUBSCRIPTION"                    0 KB       0 rows
. . imported "ADEMPIERE"."C_COMMISSIONRUN"                   0 KB       0 rows
. . imported "ADEMPIERE"."AD_ORGINFO"                     18.1 KB      10 rows
. . imported "ADEMPIERE"."AD_USERDEF_PROC_PARAMETER"         0 KB       0 rows
. . imported "ADEMPIERE"."T_BANKREGISTER"                    0 KB       0 rows
. . imported "ADEMPIERE"."C_SUBSCRIPTION_DELIVERY"           0 KB       0 rows
. . imported "ADEMPIERE"."C_PROJECTTYPE"                  10.9 KB       4 rows
. . imported "ADEMPIERE"."C_DUNNINGRUN"                      0 KB       0 rows
. . imported "ADEMPIERE"."AD_INFOCOLUMN_TRL"              51.1 KB     198 rows
. . imported "ADEMPIERE"."R_REQUESTTYPEUPDATES"            9.7 KB       1 rows
. . imported "ADEMPIERE"."EXP_FORMAT"                     14.3 KB      10 rows
. . imported "ADEMPIERE"."EXP_PROCESSOR"                  13.2 KB       2 rows
. . imported "ADEMPIERE"."C_RFQ_TOPIC"                    10.6 KB       1 rows
. . imported "ADEMPIERE"."I_BANKSTATEMENT"                   0 KB       0 rows
. . imported "ADEMPIERE"."C_SUBSCRIPTIONTYPE"                0 KB       0 rows
. . imported "ADEMPIERE"."C_TAX"                            20 KB       6 rows
. . imported "ADEMPIERE"."AD_LABEL_TRL"                      0 KB       0 rows
. . imported "ADEMPIERE"."C_PROJECT_ACCT"                 10.5 KB       4 rows
. . imported "ADEMPIERE"."AD_TREENODECMC"                 10.5 KB       5 rows
. . imported "ADEMPIERE"."C_ALLOCATIONHDR"                  16 KB       2 rows
. . imported "ADEMPIERE"."AD_PACKAGE_IMP"                    0 KB       0 rows
. . imported "ADEMPIERE"."C_CONVERSIONTYPE"               10.9 KB       4 rows
. . imported "ADEMPIERE"."M_BP_PRICE"                        0 KB       0 rows
. . imported "ADEMPIERE"."M_STORAGERESERVATION"           11.2 KB       2 rows
. . imported "ADEMPIERE"."AD_TREENODECMS"                 10.5 KB       5 rows
. . imported "ADEMPIERE"."CM_WIKITOKEN"                      0 KB       0 rows
. . imported "ADEMPIERE"."T_REPORTSTATEMENT"                 0 KB       0 rows
. . imported "ADEMPIERE"."C_PAYSELECTION"                 13.7 KB       1 rows
. . imported "ADEMPIERE"."AD_SYSTEM"                      24.1 KB       1 rows
. . imported "ADEMPIERE"."AD_USERDEF_TAB"                    0 KB       0 rows
. . imported "ADEMPIERE"."C_PROJECTTASK"                     0 KB       0 rows
. . imported "ADEMPIERE"."C_COSTCENTER"                      0 KB       0 rows
. . imported "ADEMPIERE"."M_SHIPPINGPROCESSORCFG"         13.4 KB       1 rows
. . imported "ADEMPIERE"."W_BASKETLINE"                      0 KB       0 rows
. . imported "ADEMPIERE"."C_ORDERLANDEDCOSTALLOCATION"       0 KB       0 rows
. . imported "ADEMPIERE"."AD_USERDEF_INFO_RELATED"           0 KB       0 rows
. . imported "ADEMPIERE"."PA_BENCHMARKDATA"                  0 KB       0 rows
. . imported "ADEMPIERE"."M_PRODUCTIONLINEMA"                0 KB       0 rows
. . imported "ADEMPIERE"."AD_PACKAGE_IMP_DETAIL"             0 KB       0 rows
. . imported "ADEMPIERE"."A_ASSET_ACCT"                      0 KB       0 rows
. . imported "ADEMPIERE"."AD_WF_ACTIVITYAPPROVER"            0 KB       0 rows
. . imported "ADEMPIERE"."CM_CHATTYPEUPDATE"                 0 KB       0 rows
. . imported "ADEMPIERE"."C_CASHBOOK_ACCT"                  12 KB       4 rows
. . imported "ADEMPIERE"."CM_ACCESSLISTBPGROUP"              0 KB       0 rows
. . imported "ADEMPIERE"."AD_SCHEDULE"                    14.2 KB       5 rows
. . imported "ADEMPIERE"."A_ASSET_TRANSFER"                  0 KB       0 rows
. . imported "ADEMPIERE"."AD_WF_NEXTCONDITION"            12.9 KB       1 rows
. . imported "ADEMPIERE"."ASP_PROCESS"                       0 KB       0 rows
. . imported "ADEMPIERE"."C_WITHHOLDING_ACCT"                0 KB       0 rows
. . imported "ADEMPIERE"."M_LOCATOR"                      13.7 KB      11 rows
. . imported "ADEMPIERE"."W_COUNTER"                         0 KB       0 rows
. . imported "ADEMPIERE"."C_SALESSTAGE"                      0 KB       0 rows
. . imported "ADEMPIERE"."ASP_PROCESS_PARA"                  0 KB       0 rows
. . imported "ADEMPIERE"."M_PROMOTION"                       0 KB       0 rows
. . imported "ADEMPIERE"."R_STATUSCATEGORY"               10.6 KB       1 rows
. . imported "ADEMPIERE"."C_ORDER"                        49.8 KB       8 rows
. . imported "ADEMPIERE"."AD_SEARCHDEFINITION"            15.7 KB       2 rows
. . imported "ADEMPIERE"."A_DEPRECIATION_WORKFILE"           0 KB       0 rows
. . imported "ADEMPIERE"."IMP_PROCESSOR"                    16 KB       2 rows
. . imported "ADEMPIERE"."C_CHARGETYPE_DOCTYPE"              0 KB       0 rows
. . imported "ADEMPIERE"."C_CONVERSION_RATE"              12.4 KB       4 rows
. . imported "ADEMPIERE"."M_PROMOTIONPRECONDITION"           0 KB       0 rows
. . imported "ADEMPIERE"."C_POSPAYMENT"                      0 KB       0 rows
. . imported "ADEMPIERE"."AD_USERDEF_THEME_DETAIL"           0 KB       0 rows
. . imported "ADEMPIERE"."AD_IMAGE_BLOB"                     0 KB       0 rows
. . imported "ADEMPIERE"."M_PRICELIST_TRL"                10.9 KB       4 rows
. . imported "ADEMPIERE"."C_TAXDECLARATIONLINE"              0 KB       0 rows
. . imported "ADEMPIERE"."M_PRODUCT_CATEGORY_ACCT"        26.8 KB      28 rows
. . imported "ADEMPIERE"."R_ISSUESTATUS"                     0 KB       0 rows
. . imported "ADEMPIERE"."C_COMMISSIONDETAIL"                0 KB       0 rows
. . imported "ADEMPIERE"."CM_MEDIA"                       19.8 KB       3 rows
. . imported "ADEMPIERE"."CM_NEWSITEM"                       0 KB       0 rows
. . imported "ADEMPIERE"."M_CHANGEREQUEST"                   0 KB       0 rows
. . imported "ADEMPIERE"."M_LOT"                             0 KB       0 rows
. . imported "ADEMPIERE"."AD_REPLICATIONSTRATEGY"         11.8 KB       2 rows
. . imported "ADEMPIERE"."HR_PAYROLLCONCEPT"                 0 KB       0 rows
. . imported "ADEMPIERE"."AD_ALERTRULE"                   14.1 KB       1 rows
. . imported "ADEMPIERE"."M_MOVEMENTLINECONFIRM"             0 KB       0 rows
. . imported "ADEMPIERE"."AD_PACKAGE_EXP"                    0 KB       0 rows
. . imported "ADEMPIERE"."M_LOCATORTYPE"                     0 KB       0 rows
. . imported "ADEMPIERE"."C_COUNTRY_TRL"                  41.1 KB     251 rows
. . imported "ADEMPIERE"."C_BPARTNER"                     41.8 KB      18 rows
. . imported "ADEMPIERE"."CM_CHATENTRY"                      0 KB       0 rows
. . imported "ADEMPIERE"."GL_JOURNALBATCH"                17.3 KB       1 rows
. . imported "ADEMPIERE"."AD_PROCESS_ACCESS"               109 KB    1297 rows
. . imported "ADEMPIERE"."IMP_PROCESSORPARAMETER"         12.7 KB       6 rows
. . imported "ADEMPIERE"."R_MAILTEXT_TRL"                 13.6 KB       3 rows
. . imported "ADEMPIERE"."AD_PREFERENCE"                    14 KB      17 rows
. . imported "ADEMPIERE"."C_BP_GROUP_ACCT"                16.7 KB       6 rows
. . imported "ADEMPIERE"."AD_USERBPACCESS"                   0 KB       0 rows
. . imported "ADEMPIERE"."C_RECURRING"                    16.6 KB       1 rows
Processing object type SCHEMA_EXPORT/TABLE/COMMENT
Processing object type SCHEMA_EXPORT/FUNCTION/FUNCTION
Processing object type SCHEMA_EXPORT/PROCEDURE/PROCEDURE
Processing object type SCHEMA_EXPORT/FUNCTION/ALTER_FUNCTION
Processing object type SCHEMA_EXPORT/PROCEDURE/ALTER_PROCEDURE
Processing object type SCHEMA_EXPORT/VIEW/VIEW
Processing object type SCHEMA_EXPORT/TABLE/INDEX/INDEX
Processing object type SCHEMA_EXPORT/TABLE/INDEX/FUNCTIONAL_INDEX/INDEX
Processing object type SCHEMA_EXPORT/TABLE/CONSTRAINT/CONSTRAINT
Processing object type SCHEMA_EXPORT/TABLE/CONSTRAINT/REF_CONSTRAINT
Job "ADEMPIERE"."SYS_IMPORT_FULL_01" completed with 1 error(s) at Sat Sep 26 00:05:18 2026 elapsed 0 00:01:49

