
Session altered.

{"current_schema":"ADEMPIERE","time_zone":"UTC","numeric_characters":".,"}

202603261259_IDEMPIERE-6910.sql successfully registered


1 row created.


1 row created.


Table altered.


1 row created.


Table altered.


1 row created.


1 row created.


Index created.


1 row created.


1 row created.


Index created.


1 row created.


1 row created.


1 row created.


1 row updated.


1 row updated.


1 row updated.


1 row updated.


1 row updated.


1 row updated.


Commit complete.

