
Session altered.

{"current_schema":"ADEMPIERE","time_zone":"UTC","numeric_characters":".,"}

202607072011_IDEMPIERE-7060.sql successfully registered


1 row created.


1 row created.


1 row created.


1 row created.


1 row created.


1 row created.


1 row created.


1 row created.


1 row created.


1 row created.


1 row created.


1 row created.


1 row created.


1 row created.


1 row created.


1 row created.


1 row created.


1 row created.


1 row created.


1 row created.


1 row created.


1 row created.


1 row created.


1 row created.


1 row created.


1 row created.


1 row created.


1 row created.


1 row created.


1 row created.


1 row created.


1 row created.


1 row created.


1 row updated.


1 row updated.


1 row updated.


1 row updated.


Table created.


Table altered.


Table altered.


Table altered.


Table altered.


1 row created.


1 row created.


1 row created.


1 row created.


1 row created.


1 row created.


1 row created.


1 row created.


1 row created.


1 row created.


1 row created.


1 row created.


1 row created.


1 row created.


1 row created.


1 row created.


1 row updated.


1 row updated.


1 row updated.


1 row updated.


1 row updated.


1 row updated.


1 row updated.


1 row updated.


1 row updated.


1 row updated.


1 row created.


1 row updated.


1 row created.


1 row created.


1 row created.


1 row created.


1 row created.


1 row created.


1 row created.


1 row created.


1 row created.


1 row created.


1 row created.


1 row created.


1 row created.


1 row updated.


Table altered.


1 row updated.


Table altered.


Commit complete.

