SET
                                                          json_build_object                                                           
--------------------------------------------------------------------------------------------------------------------------------------
 {"current_schema" : "adempiere", "search_path" : "adempiere, pg_catalog", "time_zone" : "UTC", "standard_conforming_strings" : "on"}
(1 row)

                register_migration_script                
---------------------------------------------------------
 202607072011_IDEMPIERE-7060.sql successfully registered
(1 row)

INSERT 0 1
INSERT 0 1
INSERT 0 1
INSERT 0 1
INSERT 0 1
INSERT 0 1
INSERT 0 1
INSERT 0 1
INSERT 0 1
INSERT 0 1
INSERT 0 1
INSERT 0 1
INSERT 0 1
INSERT 0 1
INSERT 0 1
INSERT 0 1
INSERT 0 1
INSERT 0 1
INSERT 0 1
INSERT 0 1
INSERT 0 1
INSERT 0 1
INSERT 0 1
INSERT 0 1
INSERT 0 1
INSERT 0 1
INSERT 0 1
INSERT 0 1
INSERT 0 1
INSERT 0 1
INSERT 0 1
INSERT 0 1
INSERT 0 1
UPDATE 1
UPDATE 1
UPDATE 1
UPDATE 1
CREATE TABLE
ALTER TABLE
ALTER TABLE
ALTER TABLE
ALTER TABLE
INSERT 0 1
INSERT 0 1
INSERT 0 1
INSERT 0 1
INSERT 0 1
INSERT 0 1
INSERT 0 1
INSERT 0 1
INSERT 0 1
INSERT 0 1
INSERT 0 1
INSERT 0 1
INSERT 0 1
INSERT 0 1
INSERT 0 1
INSERT 0 1
UPDATE 1
UPDATE 1
UPDATE 1
UPDATE 1
UPDATE 1
UPDATE 1
UPDATE 1
UPDATE 1
UPDATE 1
UPDATE 1
INSERT 0 1
UPDATE 1
INSERT 0 1
INSERT 0 1
INSERT 0 1
INSERT 0 1
INSERT 0 1
INSERT 0 1
INSERT 0 1
INSERT 0 1
INSERT 0 1
INSERT 0 1
INSERT 0 1
INSERT 0 1
INSERT 0 1
UPDATE 1
 altercolumn 
-------------
 
(1 row)

INSERT 0 0
UPDATE 1
 altercolumn 
-------------
 
(1 row)

INSERT 0 0
psql:/tmp/ly-pair-case-018.sql:351: NOTICE:  executing -> alter table ad_passwordresettoken alter column onetimecode type varchar(100)
psql:/tmp/ly-pair-case-018.sql:359: NOTICE:  executing -> alter table ad_passwordresettoken alter column verifiedtokenhash type varchar(100)
psql:/tmp/ly-pair-case-018.sql:359: NOTICE:  executing -> alter table ad_passwordresettoken alter column verifiedtokenhash drop default 
