
Session altered.

{"current_schema":"ADEMPIERE","time_zone":"UTC","numeric_characters":".,"}

202605191839_IDEMPIERE-7010.sql successfully registered


1 row created.


1 row updated.


Table altered.


1 row updated.


Table altered.


1 row updated.


Table altered.


Table altered.


1 row created.


Table altered.


1 row updated.


0 rows updated.


1 row created.


1 row created.


1 row updated.


1 row updated.


1 row updated.


1 row created.


1 row created.


1 row updated.


1 row updated.


1 row updated.


1 row updated.


1 row updated.


Commit complete.

