SET
                                                          json_build_object                                                           
--------------------------------------------------------------------------------------------------------------------------------------
 {"current_schema" : "adempiere", "search_path" : "adempiere, pg_catalog", "time_zone" : "UTC", "standard_conforming_strings" : "on"}
(1 row)

                register_migration_script                
---------------------------------------------------------
 202605191839_IDEMPIERE-7010.sql successfully registered
(1 row)

INSERT 0 1
UPDATE 1
ALTER TABLE
UPDATE 1
ALTER TABLE
UPDATE 1
 altercolumn 
-------------
 
(1 row)

INSERT 0 0
 altercolumn 
-------------
 
(1 row)

INSERT 0 0
INSERT 0 1
ALTER TABLE
UPDATE 1
UPDATE 0
INSERT 0 1
INSERT 0 1
UPDATE 1
UPDATE 1
UPDATE 1
INSERT 0 1
INSERT 0 1
UPDATE 1
UPDATE 1
UPDATE 1
UPDATE 1
UPDATE 1
psql:/tmp/ly-pair-case-011.sql:34: NOTICE:  executing -> alter table m_inventoryline alter column c_uom_id set not null
