SET
                                                          json_build_object                                                           
--------------------------------------------------------------------------------------------------------------------------------------
 {"current_schema" : "adempiere", "search_path" : "adempiere, pg_catalog", "time_zone" : "UTC", "standard_conforming_strings" : "on"}
(1 row)

                register_migration_script                
---------------------------------------------------------
 202604282341_IDEMPIERE-6983.sql successfully registered
(1 row)

UPDATE 1
DROP INDEX
CREATE INDEX
INSERT 0 1
DROP INDEX
CREATE INDEX
INSERT 0 1
UPDATE 1
UPDATE 1
UPDATE 1
DROP INDEX
CREATE INDEX
