
Session altered.

{"current_schema":"ADEMPIERE","time_zone":"UTC","numeric_characters":".,"}

202603031421_IDEMPIERE-6841.sql successfully registered


1 row created.


1 row created.


1 row created.


1 row created.


1 row created.


1 row updated.


Table altered.


Table altered.


1 row updated.


Table altered.


Table altered.


1 row created.


1 row created.


1 row updated.


1 row updated.


1 row updated.


1 row updated.


1 row updated.


1 row updated.


1 row updated.


1 row updated.


1 row updated.


1 row updated.


1 row updated.


1 row updated.


1 row updated.


1 row updated.


1 row updated.


1 row updated.


1 row updated.


Commit complete.

