SET
                                                          json_build_object                                                           
--------------------------------------------------------------------------------------------------------------------------------------
 {"current_schema" : "adempiere", "search_path" : "adempiere, pg_catalog", "time_zone" : "UTC", "standard_conforming_strings" : "on"}
(1 row)

                register_migration_script                
---------------------------------------------------------
 202603031421_IDEMPIERE-6841.sql successfully registered
(1 row)

INSERT 0 1
INSERT 0 1
INSERT 0 1
INSERT 0 1
INSERT 0 1
UPDATE 1
ALTER TABLE
ALTER TABLE
UPDATE 1
ALTER TABLE
ALTER TABLE
INSERT 0 1
INSERT 0 1
UPDATE 1
UPDATE 1
UPDATE 1
UPDATE 1
UPDATE 1
UPDATE 1
UPDATE 1
UPDATE 1
UPDATE 1
UPDATE 1
UPDATE 1
UPDATE 1
UPDATE 1
UPDATE 1
UPDATE 1
UPDATE 1
UPDATE 1
